// Jest Snapshot v1, https://goo.gl/fbAQLP

exports[`Footer to match snapshot 1`] = `
<div>
  <footer
    class="flex flex-col items-center text-xs"
  >
    <p
      class="text-green-800"
    >
      Tweries
       v
      1.0.0-beta.1
       © 
      2019
       
    </p>
    <ul
      class="flex"
    >
      <li
        class="font-bold m-1 text-blue-800"
      >
        <a
          href="https://twitter.com/TweriesApp"
          rel="noopener noreferrer"
          target="_blank"
        >
          @TweriesApp
        </a>
      </li>
      <li
        class="font-bold m-1 text-blue-800"
      >
        <a
          href="https://github.com/Tweries"
          rel="noopener noreferrer"
          target="_blank"
        >
          github.com/Tweries
        </a>
      </li>
    </ul>
  </footer>
</div>
`;
