// Jest Snapshot v1, https://goo.gl/fbAQLP

exports[`Footer to match snapshot 1`] = `
<div>
  <footer
    class="healthy"
  >
    Tweries v
    1.0.0-beta.1
     © 
    2019
     
    <a
      href="https://twitter.com/TweriesApp"
      rel="noopener noreferrer"
      target="_blank"
    >
      @TweriesApp
    </a>
  </footer>
</div>
`;
