// Jest Snapshot v1, https://goo.gl/fbAQLP

exports[`NavBar img onError 1`] = `
<div>
  <p
    class="flex items-center"
  >
    <img
      alt="mattiaerre.js"
      class="border mr-2 rounded-full tweries-border-color"
    />
    mattiaerre.js
  </p>
  <button
    class="px-4 underline"
    data-testid="logout"
    type="button"
  >
    Log out
  </button>
</div>
`;
