// Jest Snapshot v1, https://goo.gl/fbAQLP

exports[`source => tweetstorm About the Windsor knot 1`] = `
Array [
  Object {
    "length": 273,
    "tweet": "Although the Duke of Windsor never specifically used the Windsor knot, he did favor a wide triangular knot. In actuality, the Duke achieved his trendsetting look by tying a Four-in-Hand with specially made wide and extra thick ties. The Windsor knot was #howto #tieatie 1/3",
  },
  Object {
    "length": 277,
    "tweet": "invented by the public as a way to imitate the Duke's knot style. There are several derivatives of the Windsor that are all referred to by the same name. The Windsor delivers a symmetrical and solid triangular knot that works best with a spread collar. This #howto #tieatie 2/3",
  },
  Object {
    "length": 85,
    "tweet": "knot is also mistakenly referred to as the \\"Double Windsor\\" knot. #howto #tieatie 3/3",
  },
]
`;

exports[`source => tweetstorm Lorem ipsum 1`] = `
Array [
  Object {
    "length": 273,
    "tweet": "Lorem ipsum dolor sit amet, consectetur adipiscing elit, sed do eiusmod tempor incididunt ut labore et dolore magna aliqua. Nec tincidunt praesent semper feugiat nibh sed pulvinar. Duis at tellus at urna condimentum mattis pellentesque id nibh. Quisque #agile #prodmgmt 1/5",
  },
  Object {
    "length": 280,
    "tweet": "egestas diam in arcu cursus euismod quis viverra. Mollis nunc sed id semper risus. Aliquet eget sit amet tellus cras adipiscing enim. Pellentesque dignissim enim sit amet venenatis urna cursus eget. Tortor consequat id porta nibh venenatis cras. Sagittis nisl #agile #prodmgmt 2/5",
  },
  Object {
    "length": 280,
    "tweet": "rhoncus mattis rhoncus urna neque viverra justo nec. Egestas egestas fringilla phasellus faucibus. Nulla facilisi etiam dignissim diam quis enim. Maecenas ultricies mi eget mauris pharetra. Ac turpis egestas sed tempus urna et pharetra pharetra. Sagittis nisl #agile #prodmgmt 3/5",
  },
  Object {
    "length": 275,
    "tweet": "rhoncus mattis rhoncus. Purus in mollis nunc sed id semper risus in. Nisl tincidunt eget nullam non nisi est sit amet. Condimentum vitae sapien pellentesque habitant morbi tristique. Integer quis auctor elit sed vulputate mi sit amet mauris. Orci dapibus #agile #prodmgmt 4/5",
  },
  Object {
    "length": 227,
    "tweet": "ultrices in iaculis nunc. Rhoncus est pellentesque elit ullamcorper. Ullamcorper malesuada proin libero nunc consequat interdum varius. Sit amet nisl suscipit adipiscing bibendum est ultricies integer quis. #agile #prodmgmt 5/5",
  },
]
`;

exports[`source => tweetstorm No final comma in the 1st tweet 1`] = `
Array [
  Object {
    "length": 277,
    "tweet": "123456789, 123456789, 123456789, 123456789, 123456789, 123456789, 123456789, 123456789, 123456789, 123456789, 123456789, 123456789, 123456789, 123456789, 123456789, 123456789, 123456789, 123456789, 123456789, 123456789, 123456789, 123456789, 123456789, 123456789, 123456789 1/2",
  },
  Object {
    "length": 9,
    "tweet": "WHAT? 2/2",
  },
]
`;

exports[`source => tweetstorm pick-your-own-linefeed 1`] = `
Array [
  Object {
    "length": 9,
    "tweet": "first 1/4",
  },
  Object {
    "length": 10,
    "tweet": "second 2/4",
  },
  Object {
    "length": 9,
    "tweet": "third 3/4",
  },
  Object {
    "length": 10,
    "tweet": "fourth 4/4",
  },
]
`;

exports[`source => tweetstorm w/ linefeeds 1`] = `
Array [
  Object {
    "length": 196,
    "tweet": "Mama, just killed a man
        Put a gun against his head
        Pulled my trigger, now he's dead
        Mama, life had just begun
        But now I've gone and thrown it all away #QueenFTW 1/3",
  },
  Object {
    "length": 172,
    "tweet": "Mama, ooh
        Didn't mean to make you cry
        If I'm not back again this time tomorrow
        Carry on, carry on
        As if nothing really matters #QueenFTW 2/3",
  },
  Object {
    "length": 207,
    "tweet": "Too late, my time has come
        Sends shivers down my spine
        Body's aching all the time
        Goodbye everybody, I've got to go
        Gotta leave you all behind and face the truth #QueenFTW 3/3",
  },
]
`;
