// Jest Snapshot v1, https://goo.gl/fbAQLP

exports[`App loading 1`] = `
<div>
  <article>
    ...
  </article>
</div>
`;

exports[`App unauthenticated user 1`] = `
<div>
  <article>
    <header
      class="NavBar"
    >
      <button
        data-testid="login"
      >
        Log in
      </button>
    </header>
    <h1>
      Tweries
    </h1>
    <form>
      <small>
        Start typing, to insert a break prior to reaching 280 characters please use [..]
      </small>
      <textarea
        data-testid="source"
        placeholder="What's happening?"
        rows="8"
      />
      <textarea
        data-testid="hashtags"
        placeholder="#hashtags"
        rows="1"
        type="text"
      />
      <ul
        data-testid="list"
      />
      <button
        class="App__button App__button--disabled"
        data-testid="tweet"
        disabled=""
      >
        Tweet
      </button>
    </form>
    <footer
      class=""
    >
      v
      0.9.3
    </footer>
  </article>
</div>
`;
