// Jest Snapshot v1, https://goo.gl/fbAQLP

exports[`ReplyToTweet to match snapshot 1`] = `
<div>
  <label
    class="pb-1 text-sm"
    for="reply-to"
  >
    If you want to reply to a specific Tweet:
  </label>
  <textarea
    class="p-2 tweries-border tweries-background-color-blue-white"
    data-testid="reply-to"
    name="reply-to"
    placeholder="URL goes here"
    rows="1"
  />
</div>
`;
